../Core/Src/main.c:85:5:main	16	static
../Core/Src/main.c:198:6:SystemClock_Config	96	static
../Core/Src/main.c:247:13:MX_TIM6_Init	24	static
../Core/Src/main.c:285:13:MX_USART1_UART_Init	8	static
../Core/Src/main.c:320:13:MX_GPIO_Init	40	static
../Core/Src/main.c:353:6:HAL_GPIO_EXTI_Callback	16	static
../Core/Src/main.c:390:6:HAL_TIM_PeriodElapsedCallback	16	static
../Core/Src/main.c:405:6:HAL_UART_RxCpltCallback	16	static
../Core/Src/main.c:420:6:Error_Handler	4	static,ignoring_inline_asm
